[www.fai.gov/sites/default/files/favicons/apple-touch-icon.png]
[www.fai.gov/sites/default/files/favicons/favicon-16x16.png]
[www.fai.gov/sites/default/files/favicons/favicon-32x32.png]
[www.fai.gov/sites/default/files/favicons/android-chrome-36x36.png]
[www.fai.gov/sites/default/files/favicons/android-chrome-48x48.png]
[www.fai.gov/sites/default/files/favicons/android-chrome-72x72.png]
[www.fai.gov/sites/default/files/favicons/android-chrome-96x96.png]
[www.fai.gov/sites/default/files/favicons/android-chrome-144x144.png]
[www.fai.gov/sites/default/files/favicons/android-chrome-192x192.png]
[www.fai.gov/sites/default/files/favicons/android-chrome-256x256.png]
[www.fai.gov/sites/default/files/favicons/favicon.ico]
[www.fai.gov/sites/default/files/favicons/browserconfig.xml]
[content.govdelivery.com/overlay/js/4613.js]
[dap.digitalgov.gov/Universal-Federated-Analytics-Min6144.js]
[www.fai.gov/sites/default/files/android-icon-36x36.png]
[backblue.gif]
[fade.gif]
[index.html]
[www.fai.gov/themes/custom/uswds_base_fai/assets/img/us_flag_small.png]
[www.fai.gov/sites/default/files/2023-07/FAI_Student_Training_Guidebook 2023_07_14.pdf]
[www.fai.gov/sites/default/files/front/banner/banner-top-image.png]
[www.fai.gov/sites/default/files/2023-06/The_FAC-C_Professional_Exam.jpg]
[www.fai.gov/sites/default/files/2023-06/CAOC-logo_0.jpg]
[www.fai.gov/sites/default/files/2023-03/FAI-twitter.jpg]
[www.fai.gov/sites/default/files/FAI_2023-2025_Strategic_Plan_Final.pdf]
[www.fai.gov/sites/default/files/2023-06/fac_c_professional_updated (1).png]
[www.fai.gov/sites/default/files/2023-07/Innovation%20Graphic[1].png]
[www.fai.gov/themes/custom/uswds_base_fai/img/homepage/newsletter.png]
[www.fai.gov/sites/default/files/front/banner/melinda-szilagyi-2.jpg]
[www.fai.gov/themes/custom/uswds_base_fai/assets/img/gsa-logo.png]
[www.fai.gov/sites/default/files/js/js_BwXYnxoUQJDn2aEprbmZhRXleK4T_av3RJuJ4rPnoQw.js]
[www.fai.gov/index.html]
[www.fai.gov/sites/default/files/favicons/site.html]
[www.fai.gov/sites/default/files/favicons/safari-pinned-tab.svg]
[www.fai.gov/sites/default/files/css/css_c0UA7LMwSJLe8hunTF6owC3LZgwx2nGljfWAYLuro5E.css]
[www.fai.gov/sites/default/files/css/css_bqlAQst9FXHOA-BzS8g1nVRbvb0O6Ph8EHFBAtOa_EE.css]
[www.fai.gov/themes/custom/uswds_base_fai/assets/img/icon-dot-gov.svg]
[www.fai.gov/themes/custom/uswds_base_fai/assets/img/icon-https.svg]
[www.fai.gov/sites/default/files/FAI_Employee_Task_Aids_050322GoLive.pdf]
[www.fai.gov/sites/default/files/FAI_Manager_Task_Aids_050322.pdf]
[www.fai.gov/sites/default/files/Memorandum-OFPP Request for Small Agency Point of Contacts 10MAY2022_0.pdf]
[www.fai.gov/sites/default/files/SAR onboarding presentation.pdf]
[www.fai.gov/sites/default/files/FAI CSOD roles for SARS_updated.jpg]
[www.fai.gov/sites/default/files/js/js_m1Sv5fU3SbBgspaXo-GONpq2_KigUH_-2ys0hJpcVgo.js]
[www.fai.gov/humancapital/acm.html]
[www.fai.gov/sites/default/files/2017-3-27-FAC-PPM-IT-Comp-Final.pdf]
[www.fai.gov/sites/default/files/FAI CSOD Image.png]
[www.fai.gov/sites/default/files/pdfss/FAC-COR_20Sep2011.pdf]
[www.fai.gov/sites/default/files/FAC_PPM_Policy_121613.pdf]
[www.fai.gov/sites/default/files/Continuous_Professional_Learning_FINAL.pdf]
[www.fai.gov/training/frequently-asked-questions-faqs.html]
[www.fai.gov/page/contact-us.html]
[www.fai.gov/themes/custom/uswds_base_fai/main-fai-logo.svg]
[www.fai.gov/themes/custom/uswds_base_fai/assets/img/close.svg]
[www.fai.gov/certification/certification-and-career-development-programs.html]
[www.fai.gov/certification/fac-c.html]
[www.fai.gov/certification/fac-cor.html]
[www.fai.gov/certification/fac-ppm.html]
[www.fai.gov/training.html]
[www.fai.gov/sites/default/files/Other_Fed_Agency_button.png]
[www.fai.gov/sites/default/files/CSOD_find_button.png]
[www.fai.gov/sites/default/files/CSOD_Select_session_button.png]
[www.fai.gov/sites/default/files/CSOD_view_details_button.png]
[www.fai.gov/sites/default/files/CSOD_Request_button.png]
[www.fai.gov/sites/default/files/CSOD_view_Details_gray_button.png]
[www.fai.gov/sites/default/files/js/js_DyN-OIup5FCLTIQLiiqiM6nDzId09KFgy8aKr_0aBKY.js]
[www.fai.gov/training/find-and-register-for-courses.html]
[www.fai.gov/sites/default/files/FY2022_OFPP_Acquisition Flash_22-01.pdf]
[www.fai.gov/sites/default/files/FY2020 OFPP Acquisition Flash 2.pdf]
[www.fai.gov/sites/default/files/FY2020 OFPP Acquisition Flash 1.pdf]
[www.fai.gov/sites/default/files/FY2022_OFPP_Acquisition Flash_22-014aa8.pdf]
[www.fai.gov/sites/default/files/fac_c_digital_services_05_12_18.pdf]
[www.fai.gov/sites/default/files/FAC PPM Policy_121613.pdf]
[www.fai.gov/sites/default/files/pdfss/Continuous Professional Learning FINAL.pdf]
[www.fai.gov/themes/custom/uswds_base_fai/img/FAC_CL_compass.png]
[www.fai.gov/themes/custom/uswds_base_fai/img/FAC_CL_notes.png]
[www.fai.gov/sites/default/files/1102_Experience_Development_Tool_December_2019.xlsx]
[www.fai.gov/themes/custom/uswds_base_fai/img/FAC_CL_toolkit.png]
[www.fai.gov/sites/default/files/FAC_CL_COR_Toolkit.png]
[www.fai.gov/themes/custom/uswds_base_fai/img/FAC_CL_roadmap.png]
[www.fai.gov/themes/custom/uswds_base_fai/img/FAC_CL_media.png]
[www.fai.gov/training/continuous-learning-opportunities.html]
[www.fai.gov/sites/default/files/FAC_022-Combating_Trafficking_in_Persons/FAC_022-Combating_Trafficking_in_Persons-thumb.png]
[www.fai.gov/sites/default/files/FAC096_EquityProcurementVideos_Web_HTML/FAC096_EquityProcurementVideos-thumb.png]
[www.fai.gov/sites/default/files/FAC095_ClimateAdaptation_WebPublish/FAC095_ClimateAdaptation-thumb.png]
[www.fai.gov/sites/default/files/FAC097_Navigating_BA_TA_FY23_WebPublish/FAC097-Buy_American-thumb.png]
[www.fai.gov/sites/default/files/FAC098_ContractInnovationExploration/story_content/thumbnail-344x230.jpg]
[www.fai.gov/sites/default/files/FAC065_Customers_Role_WebPublish/story_content/thumbnail-344x230.jpg]
[www.fai.gov/training/online-training-non-clp.html]
[www.fai.gov/training/acquisition-training-providers.html]
[www.fai.gov/sites/default/files/styles/fit_no_scale_220_x_220_/public/media-library/thumbnail/The_FAC-C_Professional_Exam_0934d.jpg]
[www.fai.gov/sites/default/files/styles/fit_no_scale_220_x_220_/public/media-library/thumbnail/fac_c_modernization_faq_thumbnail5623.png]
[www.fai.gov/sites/default/files/styles/fit_no_scale_220_x_220_/public/media-library/thumbnail/fac_c_supervisors-thumbnail-045f4.png]
[www.fai.gov/sites/default/files/styles/fit_no_scale_220_x_220_/public/media-library/thumbnail/fac_c_workforce_thumbnail68c9.png]
[www.fai.gov/sites/default/files/styles/fit_no_scale_220_x_220_/public/media-library/thumbnail/hqdefault09dd.jpg]
[www.fai.gov/sites/default/files/styles/fit_no_scale_220_x_220_/public/media-library/thumbnail/BuyAmThumbnail-1_0661f.png]
[www.fai.gov/sites/default/files/styles/fit_no_scale_220_x_220_/public/media-library/thumbnail/periodic table thumbnail7a67.jpg]
[www.fai.gov/sites/default/files/styles/fit_no_scale_220_x_220_/public/media-library/thumbnail/acquisition_seminar_Innovations_08091713b8.jpg]
[www.fai.gov/sites/default/files/js/js_TWito_Bd-1a_FTMvN-kEkkeFSK7mvtwdAWVzR1zPklA.js]
[www.fai.gov/media-library.html]
[www.fai.gov/knowledge-center.html]
[www.fai.gov/sites/default/files/2016-05-04-Acquisition-Workforce-Competency-Survey-Report.pdf]
[www.fai.gov/sites/default/files/pdfss/TechCompReport-ContractSpec.pdf]
[www.fai.gov/sites/default/files/pdfss/Validation_of_Technical_COTR_Competencies_September_2008_Executive_Summary_FINAL_submitted_090108.pdf]
[www.fai.gov/sites/default/files/pdfss/Validation_of_Technical_COTR_Competencies_September_2008_Technical_Report_FINAL_submitted_090108.pdf]
[www.fai.gov/sites/default/files/pdfss/12-15-03COTRReportFINAL.pdf]
[www.fai.gov/sites/default/files/27-Oct-2009-OFPP-AHCP-policy.pdf]
[www.fai.gov/knowledge-center/human-capital-planning.html]
[www.fai.gov/knowledge-center/careers-acquisition.html]
[www.fai.gov/sites/default/files/1102-Career-Field-Brochure.pdf]
[www.fai.gov/sites/default/files/1102-Career-Field-Brochure.pptx]
[www.fai.gov/sites/default/files/FAR_Sighted_LEAP_Project_Operation_Acquisition-College_Students_Flyer.pdf]
[www.fai.gov/sites/default/files/FAR_Sighted_LEAP_Project_Operation_Acquisition-College_Students_Flyer.pptx]
[www.fai.gov/sites/default/files/Contracting_101_PP_presentation.pdf]
[www.fai.gov/sites/default/files/Questions_for_new_contacting_professionals.pdf]
[www.fai.gov/sites/default/files/1102_Career_Map_2018.pdf]
[www.fai.gov/sites/default/files/Mitigating_the_Pitfalls_of_Technical_Evals.pdf]
[www.fai.gov/sites/default/files/Tips_for_Writing_Technical_Evaluation_Documentation.pdf]
[www.fai.gov/sites/default/files/Example_Tech_Eval_Doc-Poor_USTA_IT.pdf]
[www.fai.gov/sites/default/files/Example_Tech_Eval_Doc-Excellent_USTA_IT.pdf]
[www.fai.gov/sites/default/files/LEAP_TOP_10_Presentation_FINAL_for_FAI.pptx]
[www.fai.gov/sites/default/files/0340_Learning_and_Development_Roadmap_04062021.pdf]
[www.fai.gov/knowledge-center/leadership-development.html]
[www.fai.gov/sites/default/files/FINALLOUwithPMIandFAI.pdf]
[www.fai.gov/knowledge-center/partnerships.html]
[www.fai.gov/tools.html]
[www.fai.gov/sites/default/files/google_tag/periodic_table_tags/google_tag.scripta113.js]
[www.fai.gov/sites/default/files/check.png]
[www.fai.gov/sites/default/files/small-business.png]
[www.fai.gov/sites/default/files/periodic_table/DHS_CBP_LASO_Solicitation-CSOP.pdf]
[www.fai.gov/sites/default/files/DHS Commercial Solutions Opening Pilot Program Guide_Apr 2023.pdf]
[www.fai.gov/sites/default/files/periodic_table/NTIS_Outcomes_10.29.2019.pdf]
[www.fai.gov/sites/default/files/periodic_table/NTIS_Capability_Statement&Short_Stories_May_2020.pdf]
[www.fai.gov/sites/default/files/new-icon.png]
[www.fai.gov/sites/default/files/periodic_table/CPSG_Activity04.pdf]
[www.fai.gov/sites/default/files/periodic_table/DHS_USCIS_RFP_myUSCIS-Affordable_Price_Range.pdf]
[www.fai.gov/sites/default/files/A003 CBP TASPD RFQ 70B04C20Q00000131.pdf]
[www.fai.gov/sites/default/files/QISD Solicitation.pdf]
[www.fai.gov/sites/default/files/periodic_table/Pilot_IRS_Template.pdf]
[www.fai.gov/sites/default/files/periodic_table/IRS_Reverse_Industry_Day_Materials.pdf]
[www.fai.gov/sites/default/files/DHS USCIS TDPS Solicitation.pdf]
[www.fai.gov/sites/default/files/DHS USCIS TDPS Award Decision.pdf]
[www.fai.gov/sites/default/files/DHS USCIS TDPS Betterment Evaluation Report_Redacted.pdf]
[www.fai.gov/sites/default/files/Pilot_IRS_-_DATA_Act_RPA_080219.pdf]
[www.fai.gov/sites/default/files/Pilot+IRS+Data+Mashing+RFP+FINAL+09.01.20_0.pdf]
[www.fai.gov/sites/default/files/PIL_Boot_Camp_workbook-Innovation_Technique_9_Discovery_0.pdf]
[www.fai.gov/sites/default/files/DHS_USCG_ISD_FON_0.pdf]
[www.fai.gov/sites/default/files/BSEE Request for Quote - 140E0120Q0018 - EITCS_0.pdf]
[www.fai.gov/sites/default/files/Solicitation DHS Financial Systems Modernization (FSM) Request for Proposal (RFP) pg. 57.pdf]
[www.fai.gov/sites/default/files/Solicitation DHS Service Management Tool (SMT) and Support Services Request for Quote pg11.pdf]
[www.fai.gov/sites/default/files/DHS Presentation Enhanced Contract Type Conversion 2021.pdf]
[www.fai.gov/sites/default/files/DHS CBP TASPD Unrestricted RFQ.pdf]
[www.fai.gov/sites/default/files/DHS CBP TASPD Small Business RFQ.pdf]
[www.fai.gov/sites/default/files/DHS ICE LEIDS RFP & PWS.pdf]
[www.fai.gov/sites/default/files/DHS TSA ATSS ITSS RFQ.pdf]
[www.fai.gov/sites/default/files/Presentation Deck - AIA_USAF_HTRO-RRP.pdf]
[www.fai.gov/sites/default/files/GAO decision - B-418796.pdf]
[www.fai.gov/sites/default/files/Solicitation- USAID EPRR Page 82.pdf]
[www.fai.gov/sites/default/files/Solicitation 36C10B20R0013 0003.pdf]
[www.fai.gov/sites/default/files/GAO Decision B-413559.pdf]
[www.fai.gov/sites/default/files/periodic_table/DHS_CWMD_HAIBP_Backpacks_RFP.pdf]
[www.fai.gov/sites/default/files/periodic_table/On_and_Off-ramp_procedures_for_BPAs.pdf]
[www.fai.gov/sites/default/files/periodic_table/DHS_FEMA_NFIP_TORP.pdf]
[www.fai.gov/sites/default/files/periodic_table/DHS_FEMA_GMM_RFQ.pdf]
[www.fai.gov/sites/default/files/periodic_table/Phone_Interviews-DHS_Customs_and_Border_Protection-FSS_solicitation_for_ground_transportation_guard_services.pdf]
[www.fai.gov/sites/default/files/periodic_table/Solicitation_and_Case_Study_Virtual_Tech_Demo_Coding_Exercise.pdf]
[www.fai.gov/sites/default/files/periodic_table/Solicitation_and_Case_Study-Virtual_Tech_Demo_Mobile_Application.pdf]
[www.fai.gov/sites/default/files/periodic_table/VA_TAC_solicitation_36C10B20Q0035_VFS_CMS_optional_virtual_award_kick_off.pdf]
[www.fai.gov/sites/default/files/periodic_table/Virtual_Requirements_Development-USAID-Tips_to_Facilitate_Sessions.pdf]
[www.fai.gov/sites/default/files/periodic_table/DHS_TACCOM_RFP.pdf]
[www.fai.gov/sites/default/files/GSA_VETS2_RFP_QTA0016AWA0001.pdf]
[www.fai.gov/sites/default/files/2022-02/GSA_VETS2_J.P-5_Document_Verification_and_Self_Scoring_Worksheet.xlsx]
[www.fai.gov/sites/default/files/periodic_table/DHS_SMT_RFQ.pdf]
[www.fai.gov/sites/default/files/periodic_table/DHS_SMT_Comparative_Evaluation_Award_Decision.pdf]
[www.fai.gov/sites/default/files/periodic_table/DHS_S&T_Portal_RFQ.pdf]
[www.fai.gov/sites/default/files/periodic_table/PIL_Boot_Camp_workbook-Innovation_Technique_5.pdf]
[www.fai.gov/sites/default/files/periodic_table/DHS_FLETC_FOSS_RFP.pdf]
[www.fai.gov/sites/default/files/periodic_table/DHS_CISA_NRMC_TORFP.pdf]
[www.fai.gov/sites/default/files/periodic_table/PIL_Boot_Camp_workbook-Innovation_Technique_3.pdf]
[www.fai.gov/sites/default/files/periodic_table/DHS_USCG_AUXDATA_BPA_RFQ.pdf]
[www.fai.gov/sites/default/files/periodic_table/Down_Select_Letter_Sample_Out.pdf]
[www.fai.gov/sites/default/files/periodic_table/Down_Select_Letter_Sample_In.pdf]
[www.fai.gov/sites/default/files/periodic_table/DHS_CBP_DCSS_RFP.pdf]
[www.fai.gov/sites/default/files/periodic_table/VA_Services_Platform_RFQ.pdf]
[www.fai.gov/sites/default/files/periodic_table/PIL_Boot_Camp_workbook-Innovation_Technique_4.pdf]
[www.fai.gov/sites/default/files/periodic_table/Pilot_IRS.pdf]
[www.fai.gov/sites/default/files/USPTO PEDS RFQ _Redacted_0.pdf]
[www.fai.gov/sites/default/files/ED Advisory Down-Select Materials G5 RFQ.pdf]
[www.fai.gov/sites/default/files/periodic_table/GAO_Decision-Interactive_Dialogue_in_Orals.pdf]
[www.fai.gov/sites/default/files/periodic_table/PIL_Boot_Camp_workbook-Innovation_Technique_1.pdf]
[www.fai.gov/sites/default/files/periodic_table/USDA_Job_Aid-Oral_Presentation_Information_for_Evaluation_Team_for_posting_update.pdf]
[www.fai.gov/sites/default/files/periodic_table/DHS_USCG_AUXDATA_BPA_with_all_attachments.pdf]
[www.fai.gov/sites/default/files/periodic_table/DHS_ECFS_RFQ.pdf]
[www.fai.gov/sites/default/files/periodic_table/DHS_CBP_Density_Meter_RFP_and_Test_Plan.pdf]
[www.fai.gov/sites/default/files/periodic_table/VA_Veterans_Appeals_RTEP.pdf]
[www.fai.gov/sites/default/files/periodic_table/PIL_Boot_Camp_workbook-Innovation_Technique_2.pdf]
[www.fai.gov/sites/default/files/periodic_table/Decision_Document_Comparative_Evaluation.pdf]
[www.fai.gov/sites/default/files/periodic_table/Decision_Document_with_best-suited.docx]
[www.fai.gov/sites/default/files/periodic_table/Sample_Decision_Document.pdf]
[www.fai.gov/sites/default/files/periodic_table/XXXX-Decision_Document.docx]
[www.fai.gov/sites/default/files/periodic_table/PIL_Boot_Camp_workbook-Innovation_Technique_8.pdf]
[www.fai.gov/sites/default/files/periodic_table/Pilot_IRS_DATA_Act_Improvements_Basis_for_Award.pdf]
[www.fai.gov/sites/default/files/periodic_table/Phase_1_Experience_OTS_Consensus_Worksheet-SOME.pdf]
[www.fai.gov/sites/default/files/periodic_table/Phase_1_Experience_OTS_Consensus_Worksheet-LOW.pdf]
[www.fai.gov/sites/default/files/periodic_table/Phase_1_Experience_OTS_Consensus_Worksheet-HIGH.pdf]
[www.fai.gov/sites/default/files/periodic_table/DHS_USCIS_JETS_Factor_4_TEC_report_samples.pdf]
[www.fai.gov/sites/default/files/periodic_table/DHS_PIL_Boot_Camp_Workbook_Worksheet_Sample-Pg_26.pdf]
[www.fai.gov/sites/default/files/periodic_table/PIL_Boot_Camp_workbook-Innovation_Technique_7.pdf]
[www.fai.gov/sites/default/files/periodic_table/DHS_USCIS_JETS_Group_Oral_Debriefing_Script.pdf]
[www.fai.gov/sites/default/files/PIL_Boot_Camp_workbook-Innovation_Technique_10_Group_Oral_Debriefings.pdf]
[www.fai.gov/sites/default/files/periodic_table/XXXX-Decision_Document-Redacted.pdf]
[www.fai.gov/sites/default/files/periodic_table/Award_Decision_with_best-suited_REDACTED.pdf]
[www.fai.gov/sites/default/files/periodic_table/VA_VA.gov_RFQ.pdf]
[www.fai.gov/sites/default/files/periodic_table/S&T_Portal_RFQ.pdf]
[www.fai.gov/sites/default/files/periodic_table/HART_RFP_HSHQDC-16-R-00080.pdf]
[www.fai.gov/sites/default/files/periodic_table/HART_Protest-Leidos_B-415514.pdf]
[www.fai.gov/sites/default/files/TTB SBSTN B-418876.pdf]
[www.fai.gov/sites/default/files/periodic_table/PIL_Boot_Camp_workbook-Innovation_Technique_6.pdf]
[www.fai.gov/sites/default/files/DOE Laboratory Award Term Eval Process Overview_QA_Acquisition Guide_0.pdf]
[www.fai.gov/sites/default/files/periodic_table/Publish_SSA_Decision-NASA_memoranda.pdf]
[www.fai.gov/sites/default/files/culture-adaptation/2022-07/Phase 1 - Agency Examples_rev1.docx]
[www.fai.gov/sites/default/files/culture-adaptation/2022-07/Phase 1 - Best Practices_rev1.docx]
[www.fai.gov/sites/default/files/culture-adaptation/2022-07/Phase 2 - Agency Examples_Rev1.docx]
[www.fai.gov/sites/default/files/culture-adaptation/2022-07/Phase 2 - Best Practices_Rev1.docx]
[www.fai.gov/sites/default/files/culture-adaptation/2022-07/Phase 3 - Agency Examples_Rev1.pdf]
[www.fai.gov/sites/default/files/culture-adaptation/2022-07/Phase 4 - Agency Examples_Rev1.pdf]
[www.fai.gov/sites/default/files/culture-adaptation/2022-07/Phase 4 - Best Practices_Rev1.pdf]
[www.fai.gov/sites/default/files/culture-adaptation/2022-07/Phase 5 - Agency Examples_Rev1.pdf]
[www.fai.gov/sites/default/files/culture-adaptation/2022-07/Phase 5 - Best Practices_Rev1.pdf]
[www.fai.gov/sites/default/files/automation/2023-01/Overview Treasury IRS Contract Clause Review Tool.pdf]
[www.fai.gov/sites/default/files/automation/2023-01/Supplemental Information Using Software to Get the Right Clauses in Contracts.pdf]
[www.fai.gov/sites/default/files/coming-soon-icon.png]
[www.fai.gov/sites/default/files/Overview USDA Contractor Responsibility Assessment Tool.pdf]
[www.fai.gov/sites/default/files/Supplemental Info Statement of Need_SOW.pdf]
[www.fai.gov/sites/default/files/CPSG_Activity51.pdf]
[www.fai.gov/sites/default/files/2023-05/CLARA-Overview Document.pdf]
[www.fai.gov/sites/default/files/2023-05/CLARA-Info-Sheet.pdf]
[www.fai.gov/sites/default/files/automation/2023-01/Overview - GSA Notifications or Reminders Automation (NORA).pdf]
[www.fai.gov/sites/default/files/automation/2023-01/1 NORA Fact Sheet.pdf]
[www.fai.gov/sites/default/files/automation/2023-01/2 Summary of Nora Notifications and Reminders.pdf]
[www.fai.gov/sites/default/files/automation/2023-01/4 Biobased Products Reporting Notification RPA Email Template.pdf]
[www.fai.gov/sites/default/files/automation/2023-01/5 FAPIIS Reporting Notification RPA Email Template.pdf]
[www.fai.gov/sites/default/files/automation/2023-01/6 Service Contract Inventory Reporting No...ation RPA Email Template.pdf]
[www.fai.gov/sites/default/files/automation/2023-01/7 eSRS Reporting Notification RPA Email Template.pdf]
[www.fai.gov/sites/default/files/automation/2023-01/8 FSRS Reporting Notification RPA Email Template.pdf]
[www.fai.gov/sites/default/files/automation/2023-01/9 Proof of Insurance Notification RPA Email Template.pdf]
[www.fai.gov/sites/default/files/automation/2023-01/10 VETS 4212 Reporting Notification RPA Email Template.pdf]
[www.fai.gov/sites/default/files/automation/2023-01/13 Bot Reminders _ Notifications Business Rules.xlsx]
[www.fai.gov/sites/default/files/CPSG_Activity34.pdf]
[www.fai.gov/sites/default/files/js/js_fTxjcfGlYdMd9d4LJa2oSTUD7NfvZ01FCasQnEs6hZY.js]
[www.fai.gov/periodic-table.html]
[www.fai.gov/themes/custom/uswds_base_fai/img/roadmap/step1.png]
[www.fai.gov/themes/custom/uswds_base_fai/img/roadmap/text1.png]
[www.fai.gov/themes/custom/uswds_base_fai/img/roadmap/step2.png]
[www.fai.gov/themes/custom/uswds_base_fai/img/roadmap/text2.png]
[www.fai.gov/sites/default/files/2014-05-07-FAC-C_Refresh.pdf]
[www.fai.gov/themes/custom/uswds_base_fai/img/roadmap/step3.png]
[www.fai.gov/themes/custom/uswds_base_fai/img/roadmap/text3.png]
[www.fai.gov/themes/custom/uswds_base_fai/img/roadmap/step4.png]
[www.fai.gov/themes/custom/uswds_base_fai/img/roadmap/text4.png]
[www.fai.gov/sites/default/files/2014-5-7-Contracting-Competency-Model.pdf]
[www.fai.gov/themes/custom/uswds_base_fai/img/roadmap/step5.png]
[www.fai.gov/themes/custom/uswds_base_fai/img/roadmap/text5.png]
[www.fai.gov/themes/custom/uswds_base_fai/img/roadmap/step6.png]
[www.fai.gov/themes/custom/uswds_base_fai/img/roadmap/text6.png]
[www.fai.gov/themes/custom/uswds_base_fai/img/roadmap/step7.png]
[www.fai.gov/themes/custom/uswds_base_fai/img/roadmap/text7.png]
[www.fai.gov/themes/custom/uswds_base_fai/img/roadmap/step8.png]
[www.fai.gov/themes/custom/uswds_base_fai/img/roadmap/text8.png]
[www.fai.gov/themes/custom/uswds_base_fai/img/roadmap/step9.png]
[www.fai.gov/themes/custom/uswds_base_fai/img/roadmap/text9.png]
[www.fai.gov/tools/contracting-professionals-career-roadmap.html]
[www.fai.gov/sites/default/files/2022-02/FAI-Project-Managers-Guidebook_Logo_Updated_2.6.22.pdf]
[www.fai.gov/sites/default/files/js/js_RodT83nwMDV_WQiQiinBpDB5jhM9H44B1TBNuwmTjyU.js]
[www.fai.gov/resources/toolkit.html]
[www.fai.gov/tools/1102-experience-development-tool.html]
[www.fai.gov/sites/default/files/inline-images/photo-1626836014893-37663794dca7.jpg]
[www.fai.gov/tools/Buy-American-and-Trade-Agreements-Decision-Tools.html]
[www.fai.gov/sites/default/files/2014-11-6-PMA_Benchmarks_Website_User_Guide.pdf]
[www.fai.gov/sites/default/files/ITAWG_CLP_Tool_Accessible_PDF_Governmentwide_V23June21.pdf]
[www.fai.gov/sites/default/files/embedded/5.2.2019_OFPPs_Newly_Launched_InReach_Initiative.pdf]
[www.fai.gov/sites/default/files/Project_Inreach_KickOff_03042019_R1.pdf]
[www.fai.gov/sites/default/files/MIA FAR Case Decision Tree for item-by-item evaluation 20220329_0 (1).pdf]
[www.fai.gov/sites/default/files/MIA FAR Case Decision Tree for group evaluation 20220329_0 (1).pdf]
[www.fai.gov/sites/default/files/CPSG.zip]
[www.fai.gov/tools/additional-tools.html]
[www.fai.gov/about/about-fai.html]
[www.fai.gov/resources/acquisition-today.html]
[www.fai.gov/sites/default/files/2017-2-23-FAI-2021.pdf]
[www.fai.gov/sites/default/files/FAI_FY_2021_Annual_Report.pdf]
[www.fai.gov/sites/default/files/FY2020-FAI-Annual-Report.pdf]
[www.fai.gov/sites/default/files/FAI-FY19-Annual-Report-Final.pdf]
[www.fai.gov/sites/default/files/FY17_Annual_Report.pdf]
[www.fai.gov/sites/default/files/2017-2-3-fai_FY2016_annual_report.pdf]
[www.fai.gov/about/our-mission.html]
[www.fai.gov/sites/default/files/FAI BOD Charter.pdf]
[www.fai.gov/about/our-leadership.html]
[www.fai.gov/sites/default/files/inline-images/2009-Omni-Award.jpg]
[www.fai.gov/about/awards-recognition-2019.html]
[www.fai.gov/about/award-programs.html]
[www.fai.gov/sites/default/files/pdfs/2013-03-30-OMB-OFPP-GSA-FAI-SLA.pdf]
[www.fai.gov/about/legislative-authority.html]
[cdn.jsdelivr.net/gh/NigelOToole/progress-tracker@v2.0.7/src/styles/progress-tracker.css]
[www.fai.gov/sites/default/files/CAOC_2023_Acquisition_Excellence_Awards_Request_for_Nominations_TEMPLATE_Aug_20.pdf]
[www.fai.gov/sites/default/files/js/js_CAg7MyBuS9l9rC9PjaxaD3_o895HzZHQkdr3fd9DmnA.js]
[www.fai.gov/survey/AE2023-Award-Submission.html]
[www.fai.gov/node/17873.html]
[www.fai.gov/node/17872.html]
[www.fai.gov/sites/default/files/2023-04/small_flag.png]
[www.fai.gov/sites/default/files/2023-03/Now Available! FAC 095 Climate Adaptation for Program Managers - 60.jpg]
[www.fai.gov/sites/default/files/2023-03/REVISED FAC-COR Competency Model is Live!.png]
[www.fai.gov/sites/default/files/2022-03/CLIPD.jpg]
[www.fai.gov/sites/default/files/2022-04/pexels-photo-5227049-300x200.jpg]
[www.fai.gov/sites/default/files/2022-02/training.png]
[www.fai.gov/sites/default/files/2022-02/training-workshop-stock (1).png]
[www.fai.gov/sites/default/files/2022-02/supply-chain-stock_0.png]
[www.fai.gov/news.html]
[www.fai.gov/sites/default/files/js/js__WSdy0ZVR6OHXnMBNza5KOtOBjhV0UlnKBCejz1hNKQ.js]
[www.fai.gov/node/17874.html]
[www.fai.gov/node/17466.html]
[www.fai.gov/sites/default/files/css/css_TFzVYIKPC2989yR3L3ctbvivLTm51oc8fo3stD39PyI.css]
[www.fai.gov/quicktabs/nojs/acm/0.html]
[www.fai.gov/quicktabs/nojs/acm/1.html]
[www.fai.gov/sites/default/files/css/css_r_dxP9ZL2lIYWAPkjZKVJF2oOr97MR9UMykDBqDfPQg.css]
[www.fai.gov/themes/custom/uswds_base_fai/img/training-landing/education-group-gradient.svg]
[www.fai.gov/sites/default/files/Federal_Employee_Task_Aids06012021.pdf]
[www.fai.gov/sites/default/files/Federal_Manager_Task_Aid06012021.pdf]
[www.fai.gov/sites/default/files/Federal_Equivalent_Fulfillment_Course Approver_Task_Aid05262021.pdf]
[www.fai.gov/sites/default/files/Federal_Instructor_Task_Aid06012021.pdf]
[www.fai.gov/sites/default/files/Federal_Certification_Owner_Task_Aid06012021.pdf]
[www.fai.gov/sites/default/files/Federal_Checklist_Verifier_Task_Aid06012021.pdf]
[www.fai.gov/sites/default/files/Federal_Registrar_Task_Aid06012021.pdf]
[www.fai.gov/sites/default/files/Federal_Student_Support_Task_Aid06012021.pdf]
[www.fai.gov/sites/default/files/Federal_Warrant_Approver_Task_Aid06012021.pdf]
[www.fai.gov/sites/default/files/Federal_Warrant_Details_Editor_Task_Aid06012021.pdf]
[www.fai.gov/page/fai-cornerstone-ondemand-csod-faqs.html]
[www.fai.gov/sites/default/files/inline-images/modernizing_fac_c.png]
[www.fai.gov/sites/default/files/FAC C Modernization Employee Checklist.pdf]
[www.fai.gov/sites/default/files/FAC C Modernization Supervisor Checklist.pdf]
[www.fai.gov/certification/fac-c/new-fac-c-professional.html]
[www.fai.gov/about/acquisition-workforce-training-fund.html]
[www.fai.gov/content/linking-policy.html]
[www.fai.gov/themes/custom/uswds_base_fai/img/training-landing/cert-top-logo.svg]
[www.fai.gov/themes/custom/uswds_base_fai/img/training-landing/course-bg.svg]
[www.fai.gov/themes/custom/uswds_base_fai/img/training-landing/book-bg.svg]
[www.fai.gov/themes/custom/uswds_base_fai/img/training-landing/clip-check-bg.svg]
[www.fai.gov/sites/default/files/24_Hours_of_Business_Clarification_FINAL.pdf]
[www.fai.gov/sites/default/files/1102-Experience-Development-Tool-September_2019.xlsx]
[www.fai.gov/sites/default/files/2014-05-07-FAC-C-Refresh.pdf]
[www.fai.gov/sites/default/files/2006-1-20-OMB-Memo-FAC-C-Certification.pdf]
[www.fai.gov/certification/fac-c/contracting-fac/fac-c-legacy-cert-reqs.html]
[www.fai.gov/certification/fac-c/contracting-fac/fac-c-digital-services.html]
[www.fai.gov/certification/fac-c/contracting-fac-c/fac-c-policy-documents.html]
[www.fai.gov/sites/default/files/pdfss/11-26-COTR-Memo.pdf]
[www.fai.gov/certification/fac-cor/contracting-fac/fac-cor-certification-requirements.html]
[www.fai.gov/sites/default/files/Updated FAC-COR Competency List for FY 2023_1.pdf]
[www.fai.gov/certification/fac-cor/contracting-fac/fac-cor-acquisition-training-providers.html]
[www.fai.gov/sites/default/files/FAC-COR Competency Model.pdf]
[www.fai.gov/certification/fac-cor/contracting-fac/fac-cor-competencies.html]
[www.fai.gov/certification/fac-cor/contracting-fac/fac-cor-policy-documents.html]
[www.fai.gov/certification/fac-ppm/contracting-fac/fac-ppm-acquisition-training-providers.html]
[www.fai.gov/sites/default/files/Entry-Level-FAC-PPM-Template.pdf]
[www.fai.gov/sites/default/files/Mid-Level-FAC-PPM-Template.pdf]
[www.fai.gov/sites/default/files/Senior-Level-FAC-PPM-Template.pdf]
[www.fai.gov/sites/default/files/NEW_FAC-PPM-IT-Comp-Final_2.pdf]
[www.fai.gov/sites/default/files/2011-11-18-Career_Path_IT_Management.pdf]
[www.fai.gov/certification/fac-ppm/contracting-fac/fac-ppm-certification-requirements.html]
[www.fai.gov/sites/default/files/NEW_PPM-Competency-Model_2.pdf]
[www.fai.gov/certification/fac-ppm/contracting-fac/fac-ppm-competencies.html]
[www.fai.gov/sites/default/files/2007-4-25-OFPP-Memo-FAC-PPM-Certification.pdf]
[www.fai.gov/sites/default/files/M-18-19.pdf]
[www.fai.gov/certification/fac-ppm/contracting-fac/fac-ppm-policy-documents.html]
[www.fai.gov/certification/fac-ppm/contracting-fac/fac-ppm-reciprocity-other-certifications.html]
[www.fai.gov/themes/custom/uswds_base_fai/img/training-landing/question-bg.svg]
[www.fai.gov/themes/custom/uswds_base_fai/img/training-landing/vid-bg.svg]
[www.fai.gov/training/find-and-register-for-courses93b3.html]
[www.fai.gov/training/find-and-register-for-coursesac47.html]
[www.fai.gov/training/find-and-register-for-coursesf78d.html]
[www.fai.gov/media-library/index.html]
[www.fai.gov/resources/cor-toolkit.html]
[www.fai.gov/sites/default/files/FAC_022-Combating_Trafficking_in_Persons/story_content/user.js]
[www.fai.gov/sites/default/files/FAC_022-Combating_Trafficking_in_Persons/html5/lib/scripts/bootstrapper.min.js]
[www.fai.gov/sites/default/files/FAC_022-Combating_Trafficking_in_Persons/story.html]
[www.fai.gov/sites/default/files/FAC096_EquityProcurementVideos_Web_HTML/story_content/user.js]
[www.fai.gov/sites/default/files/FAC096_EquityProcurementVideos_Web_HTML/html5/lib/scripts/bootstrapper.min.js]
[www.fai.gov/sites/default/files/FAC096_EquityProcurementVideos_Web_HTML/story.html]
[www.fai.gov/sites/default/files/FAC095_ClimateAdaptation_WebPublish/story_content/user.js]
[www.fai.gov/sites/default/files/FAC095_ClimateAdaptation_WebPublish/html5/lib/scripts/bootstrapper.min.js]
[www.fai.gov/sites/default/files/FAC095_ClimateAdaptation_WebPublish/story.html]
[www.fai.gov/sites/default/files/FAC097_Navigating_BA_TA_FY23_WebPublish/story_content/user.js]
[www.fai.gov/sites/default/files/FAC097_Navigating_BA_TA_FY23_WebPublish/html5/lib/scripts/bootstrapper.min.js]
[www.fai.gov/sites/default/files/FAC097_Navigating_BA_TA_FY23_WebPublish/story.html]
[www.fai.gov/sites/default/files/FAC098_ContractInnovationExploration/story_content/user.js]
[www.fai.gov/sites/default/files/FAC098_ContractInnovationExploration/html5/lib/scripts/bootstrapper.min.js]
[www.fai.gov/sites/default/files/FAC098_ContractInnovationExploration/story.html]
[www.fai.gov/sites/default/files/FAC065_Customers_Role_WebPublish/story_content/user.js]
[www.fai.gov/sites/default/files/FAC065_Customers_Role_WebPublish/html5/lib/scripts/bootstrapper.min.js]
[www.fai.gov/sites/default/files/FAC065_Customers_Role_WebPublish/story.html]
[www.fai.gov/node/17465.html]
[www.fai.gov/node/15742.html]
[www.fai.gov/node/15740.html]
[www.fai.gov/node/15741.html]
[www.fai.gov/node/11842.html]
[www.fai.gov/node/14745.html]
[www.fai.gov/media-library/item/periodic-table-acquisition-innovations-introductory-tutorial.html]
[www.fai.gov/media-library/item/innovations-acquisitions.html]
[www.fai.gov/themes/custom/uswds_base_fai/img/knowlege-landing/knowledge-top-logo.svg]
[www.fai.gov/themes/custom/uswds_base_fai/img/knowlege-landing/human-capital.svg]
[www.fai.gov/themes/custom/uswds_base_fai/img/knowlege-landing/careers.svg]
[www.fai.gov/themes/custom/uswds_base_fai/img/knowlege-landing/partner.svg]
[www.fai.gov/resources/combating_trafficking.html]
[www.fai.gov/equity_in_procurement.html]
[www.fai.gov/climate_adaptation_program.html]
[www.fai.gov/sites/default/files/2023-05/FAI-Quarterly-Workforce-Metrics-Q4FY22.html]
[www.fai.gov/sites/default/files/FY_2012_Annual_Report_on_the_Federal_Acquisition_Workforce.pdf]
[www.fai.gov/sites/default/files/FY-2011-Annual-Report-on-the-Federal-Acquisition-Workforce.pdf]
[www.fai.gov/sites/default/files/FAI-2010-Annual-Report-12-21-11-FINAL.pdf]
[www.fai.gov/sites/default/files/FY2009-ARFAW.pdf]
[www.fai.gov/sites/default/files/FAI-Annual-Report-Final-29-Jul-2009-v2.pdf]
[www.fai.gov/sites/default/files/FAI-2007-Workforce-Annual-Report.pdf]
[www.fai.gov/sites/default/files/FAI-Report-2007r.pdf]
[www.fai.gov/sites/default/files/FY-2005-ARFAW.pdf]
[www.fai.gov/sites/default/files/FY-2003-and-FY-2004-RFAW.pdf]
[www.fai.gov/sites/default/files/FY-2002-RFAW.pdf]
[www.fai.gov/sites/default/files/FY-2001-RFAW.pdf]
[www.fai.gov/sites/default/files/FY-2000-RFAW.pdf]
[www.fai.gov/sites/default/files/FY-1998-RFAWF.pdf]
[www.fai.gov/sites/default/files/FY-1997-RFAWF.pdf]
[www.fai.gov/sites/default/files/FY-1996-RFAWF.pdf]
[www.fai.gov/sites/default/files/FY-1992-RFAWF.pdf]
[www.fai.gov/sites/default/files/FY-1991-RFAWF.pdf]
[www.fai.gov/sites/default/files/FY-1988-RAWF.pdf]
[www.fai.gov/sites/default/files/FY-1987-RAWF.pdf]
[www.fai.gov/sites/default/files/FAI-Acquisition-workforce-data-1986.pdf]
[www.fai.gov/sites/default/files/FAI-acquisition-workforce-data-1985.pdf]
[www.fai.gov/sites/default/files/FY-1983-RFAWF.pdf]
[www.fai.gov/sites/default/files/FY-1982-RAWF.pdf]
[www.fai.gov/sites/default/files/FY-1980-FAI-PWD.pdf]
[www.fai.gov/sites/default/files/FY-1979-FCPWF.pdf]
[www.fai.gov/sites/default/files/FY-1977-FCPWFD.pdf]
[www.fai.gov/humancapital/annual-workforce-reports-archive.html]
[www.fai.gov/sites/default/files/2018_Acquisition_Workforce_Competency_Survey_Report.pdf]
[www.fai.gov/sites/default/files/FY18_AWCS_FAITAS.pdf]
[www.fai.gov/sites/default/files/FY18_AWCS_nonFAITAS.pdf]
[www.fai.gov/humancapital/fy-2018-acquisition-workforce-competency-survey.html]
[www.fai.gov/sites/default/files/2014-07-03-Acquisition-Workforce-Competency-Survey-Report.pdf]
[www.fai.gov/sites/default/files/2012_Acquisition_Workforce_Competency_Survey_Report.pdf]
[www.fai.gov/sites/default/files/pdfss/2010-Acquisition-Workforce-Competency-Survey-Results-Report.pdf]
[www.fai.gov/sites/default/files/FAI_Competencies_Survey_Results_Report_Final_29_Jul_2009_v2.pdf]
[www.fai.gov/sites/default/files/pdfs/AWCS_Survey_Content_Document_Final_82108.pdf]
[www.fai.gov/sites/default/files/pdfs/FAIWorkforce_Study_Press_Release_10_18.pdf]
[www.fai.gov/sites/default/files/pdfs/MEMORANDUM_FOR_CHIEF_ACQUISITION_OFFICERSre_The_2007_Fed_Cont_Workforce_Comp_Survey_10-17-07.pdf]
[www.fai.gov/sites/default/files/pdfs/CWCS_Results_Report_final_101507.pdf]
[www.fai.gov/sites/default/files/pdfss/CWCS_final_content_081307.pdf]
[www.fai.gov/humancapital/workforce-competency-surveys-and-reports.html]
[www.fai.gov/careers/jobs-acquisition.html]
[www.fai.gov/careers/internships-acquisition.html]
[www.fai.gov/sites/default/files/2020 Acquisition Hiring Challenges and Recommendations.pdf]
[www.fai.gov/careers/hiring-excellence.html]
[www.fai.gov/sites/default/files/pdfss/fac_contracting_program.pdf]
[www.fai.gov/sites/default/files/pdfss/OGEprocurementintegrity_07.pdf]
[www.fai.gov/resources/co-toolkit.html]
[www.fai.gov/themes/custom/uswds_base_fai/img/training-landing/tools-landing-top.svg]
[www.fai.gov/sites/default/files/css/css_PuFXE_mKhzS-oSPGiHwOBTbujHa-vuOcgmaLB5cVEVs.css]
[www.google.com/recaptcha/apifef7.js]
[www.fai.gov/sites/default/files/js/js_WGgpA0COlR4dQv1zFb5k7lGNDmfi-WFE2CvQApVk8zU.js]
[www.fai.gov/sites/default/files/js/js_WZCDgzc8AupRxU971XAr7fWikK6iSCb5EwyQw5M7LDE.js]
[www.fai.gov/updated-periodic-table/add.html]
[www.fai.gov/sites/default/files/js/js_0PXF6NJjE8NcI_9WSRCT8dUan65J-8_L0SBlBFgaaxk.js]
[cdn.jsdelivr.net/gh/RobinHerbots/Inputmask@5.0.7/dist/jquery.inputmask.min.js]
[www.fai.gov/sites/default/files/js/js_Stvh1coZg4wUJmDACFo1QMtLdBRqPL76x9UHxAO_wK0.js]
[www.fai.gov/form/periodic-table-of-acquisition-in.html]
[www.fai.gov/sites/default/files/2023-05/Clara_Process_Map_0.html]
[www.fai.gov/tools/1.html]
[www.fai.gov/media-library/item/big-three-legs-acquisition.html]
[www.fai.gov/sites/default/files/CPSG_Activity01.pdf]
[www.fai.gov/sites/default/files/CPSG_Activity01_Flowchart.pdf]
[www.fai.gov/sites/default/files/CPSG_Activity02.pdf]
[www.fai.gov/sites/default/files/CPSG_Activity02_Flowchart.pdf]
[www.fai.gov/sites/default/files/CPSG_Activity03.pdf]
[www.fai.gov/sites/default/files/CPSG_Activity03_Flowchart.pdf]
[www.fai.gov/sites/default/files/CPSG_Activity04.pdf]
[www.fai.gov/sites/default/files/CPSG_Activity04_Flowchart.pdf]
[www.fai.gov/sites/default/files/CPSG_Activity05.pdf]
[www.fai.gov/sites/default/files/CPSG_Activity05_Flowchart.pdf]
[www.fai.gov/sites/default/files/CPSG_Activity06.pdf]
[www.fai.gov/sites/default/files/CPSG_Activity06_Flowchart.pdf]
[www.fai.gov/sites/default/files/CPSG_Activity07.pdf]
[www.fai.gov/sites/default/files/CPSG_Activity07_Flowchart.pdf]
[www.fai.gov/sites/default/files/CPSG_Activity08.pdf]
[www.fai.gov/sites/default/files/CPSG_Activity08_Flowchart.pdf]
[www.fai.gov/sites/default/files/CPSG_Activity09.pdf]
[www.fai.gov/sites/default/files/CPSG_Activity09_Flowchart.pdf]
[www.fai.gov/sites/default/files/CPSG_Activity10.pdf]
[www.fai.gov/sites/default/files/CPSG_Activity10_Flowchart.pdf]
[www.fai.gov/sites/default/files/CPSG_Activity11.pdf]
[www.fai.gov/sites/default/files/CPSG_Activity11_Flowchart.pdf]
[www.fai.gov/sites/default/files/CPSG_Activity12.pdf]
[www.fai.gov/sites/default/files/CPSG_Activity12_Flowchart.pdf]
[www.fai.gov/sites/default/files/CPSG_Activity13.pdf]
[www.fai.gov/sites/default/files/CPSG_Activity13_Flowchart.pdf]
[www.fai.gov/sites/default/files/CPSG_Activity14.pdf]
[www.fai.gov/sites/default/files/CPSG_Activity14_Flowchart.pdf]
[www.fai.gov/sites/default/files/CPSG_Activity15.pdf]
[www.fai.gov/sites/default/files/CPSG_Activity15_Flowchart.pdf]
[www.fai.gov/sites/default/files/CPSG_Activity16.pdf]
[www.fai.gov/sites/default/files/CPSG_Activity16_Flowchart.pdf]
[www.fai.gov/sites/default/files/CPSG_Activity17.pdf]
[www.fai.gov/sites/default/files/CPSG_Activity17_Flowchart.pdf]
[www.fai.gov/sites/default/files/CPSG_Activity18.pdf]
[www.fai.gov/sites/default/files/CPSG_Activity18_Flowchart.pdf]
[www.fai.gov/sites/default/files/CPSG_Activity19.pdf]
[www.fai.gov/sites/default/files/CPSG_Activity19_Flowchart.pdf]
[www.fai.gov/sites/default/files/CPSG_Activity20.pdf]
[www.fai.gov/sites/default/files/CPSG_Activity20_Flowchart.pdf]
[www.fai.gov/sites/default/files/CPSG_Activity21.pdf]
[www.fai.gov/sites/default/files/CPSG_Activity21_Flowchart.pdf]
[www.fai.gov/sites/default/files/CPSG_Activity22.pdf]
[www.fai.gov/sites/default/files/CPSG_Activity22_Flowchart.pdf]
[www.fai.gov/sites/default/files/CPSG_Activity23.pdf]
[www.fai.gov/sites/default/files/CPSG_Activity23_Flowchart.pdf]
[www.fai.gov/sites/default/files/CPSG_Activity24.pdf]
[www.fai.gov/sites/default/files/CPSG_Activity24_Flowchart.pdf]
[www.fai.gov/sites/default/files/CPSG_Activity25.pdf]
[www.fai.gov/sites/default/files/CPSG_Activity25_Flowchart.pdf]
[www.fai.gov/sites/default/files/CPSG_Activity26.pdf]
[www.fai.gov/sites/default/files/CPSG_Activity26_Flowchart.pdf]
[www.fai.gov/sites/default/files/CPSG_Activity27.pdf]
[www.fai.gov/sites/default/files/CPSG_Activity27_Flowchart.pdf]
[www.fai.gov/sites/default/files/CPSG_Activity28.pdf]
[www.fai.gov/sites/default/files/CPSG_Activity28_Flowchart.pdf]
[www.fai.gov/sites/default/files/CPSG_Activity29.pdf]
[www.fai.gov/sites/default/files/CPSG_Activity29_Flowchart.pdf]
[www.fai.gov/sites/default/files/CPSG_Activity30.pdf]
[www.fai.gov/sites/default/files/CPSG_Activity30_Flowchart.pdf]
[www.fai.gov/sites/default/files/CPSG_Activity31.pdf]
[www.fai.gov/sites/default/files/CPSG_Activity31_Flowchart.pdf]
[www.fai.gov/sites/default/files/CPSG_Activity32.pdf]
[www.fai.gov/sites/default/files/CPSG_Activity32_Flowchart.pdf]
[www.fai.gov/sites/default/files/CPSG_Activity33.pdf]
[www.fai.gov/sites/default/files/CPSG_Activity33_Flowchart.pdf]
[www.fai.gov/sites/default/files/CPSG_Activity34_Flowchart.pdf]
[www.fai.gov/sites/default/files/CPSG_Activity35.pdf]
[www.fai.gov/sites/default/files/CPSG_Activity35_Flowchart.pdf]
[www.fai.gov/sites/default/files/CPSG_Activity36.pdf]
[www.fai.gov/sites/default/files/CPSG_Activity36_Flowchart.pdf]
[www.fai.gov/sites/default/files/CPSG_Activity37.pdf]
[www.fai.gov/sites/default/files/CPSG_Activity37_Flowchart.pdf]
[www.fai.gov/sites/default/files/CPSG_Activity38.pdf]
[www.fai.gov/sites/default/files/CPSG_Activity38_Flowchart.pdf]
[www.fai.gov/sites/default/files/CPSG_Activity39.pdf]
[www.fai.gov/sites/default/files/CPSG_Activity39_Flowchart.pdf]
[www.fai.gov/sites/default/files/CPSG_Activity40.pdf]
[www.fai.gov/sites/default/files/CPSG_Activity40_Flowchart.pdf]
[www.fai.gov/sites/default/files/CPSG_Activity41.pdf]
[www.fai.gov/sites/default/files/CPSG_Activity41_Flowchart.pdf]
[www.fai.gov/sites/default/files/CPSG_Activity42.pdf]
[www.fai.gov/sites/default/files/CPSG_Activity42_Flowchart.pdf]
[www.fai.gov/sites/default/files/CPSG_Activity43.pdf]
[www.fai.gov/sites/default/files/CPSG_Activity43_Flowchart.pdf]
[www.fai.gov/sites/default/files/CPSG_Activity44.pdf]
[www.fai.gov/sites/default/files/CPSG_Activity44_Flowchart.pdf]
[www.fai.gov/sites/default/files/CPSG_Activity45.pdf]
[www.fai.gov/sites/default/files/CPSG_Activity45_Flowchart.pdf]
[www.fai.gov/sites/default/files/CPSG_Activity46.pdf]
[www.fai.gov/sites/default/files/CPSG_Activity46_Flowchart.pdf]
[www.fai.gov/sites/default/files/CPSG_Activity47.pdf]
[www.fai.gov/sites/default/files/CPSG_Activity47_Flowchart.pdf]
[www.fai.gov/sites/default/files/CPSG_Activity48.pdf]
[www.fai.gov/sites/default/files/CPSG_Activity48_Flowchart.pdf]
[www.fai.gov/sites/default/files/CPSG_Activity49.pdf]
[www.fai.gov/sites/default/files/CPSG_Activity49_Flowchart.pdf]
[www.fai.gov/sites/default/files/CPSG_Activity50.pdf]
[www.fai.gov/sites/default/files/CPSG_Activity50_Flowchart.pdf]
[www.fai.gov/sites/default/files/CPSG_Activity51_Flowchart.pdf]
[www.fai.gov/sites/default/files/CPSG_FAC_Tracker.pdf]
[www.fai.gov/tools/contracting-professionals-smart-guide.html]
[www.fai.gov/tools/2.html]
[www.fai.gov/media-library/item/many-facets-contracting-professional.html]
[www.fai.gov/tools/3.html]
[www.fai.gov/tools/4.html]
[www.fai.gov/media-library/item/5-ws-acm.html]
[www.fai.gov/tools/5.html]
[www.fai.gov/tools/6.html]
[www.fai.gov/tools/7.html]
[www.fai.gov/tools/8.html]
[www.fai.gov/tools/9.html]
[www.fai.gov/sites/default/files/BA_TAA_DecisionTool_ClauseProvisionSelection/story_content/user.js]
[www.fai.gov/sites/default/files/BA_TAA_DecisionTool_ClauseProvisionSelection/html5/lib/scripts/bootstrapper.min.js]
[www.fai.gov/sites/default/files/BA_TAA_DecisionTool_ClauseProvisionSelection/story.html]
[www.fai.gov/sites/default/files/BA_TAA_DecisionTool_EvalForeignOffers/story_content/user.js]
[www.fai.gov/sites/default/files/BA_TAA_DecisionTool_EvalForeignOffers/html5/lib/scripts/bootstrapper.min.js]
[www.fai.gov/sites/default/files/BA_TAA_DecisionTool_EvalForeignOffers/story.html]
[www.fai.gov/sites/default/files/2014-11-20-Calculating_Total_Dollars_and_Actions_in_FPDS.pdf]
[www.fai.gov/sites/default/files/2014-11-20-Calculating_Open_Contracts_in_FPDS.pdf]
[www.fai.gov/humancapital/human-capital-tools.html]
[www.fai.gov/topics/contingency-contracting-corps.html]
[www.fai.gov/tools/Made-in-America-FAR-Case-2021-008-Decision-Trees.html]
[www.fai.gov/themes/custom/uswds_base_fai/img/about-landing/bookmark-bg.svg]
[www.fai.gov/themes/custom/uswds_base_fai/img/about-landing/book-bg.svg]
[www.fai.gov/themes/custom/uswds_base_fai/img/about-landing/group-bg.svg]
[www.fai.gov/themes/custom/uswds_base_fai/img/about-landing/trophy-bg.svg]
[www.fai.gov/themes/custom/uswds_base_fai/img/about-landing/ribbon-bg.svg]
[www.fai.gov/themes/custom/uswds_base_fai/img/about-landing/library-bg.svg]
[www.fai.gov/resources/acquisition-today-2022.html]
[www.fai.gov/resources/acquisition-today-2021.html]
[www.fai.gov/resources/acquisition-today-2020.html]
[www.fai.gov/resources/acquisition-today-2019.html]
[www.fai.gov/resources/acquisition-today-2018.html]
[www.fai.gov/resources/acquisition-today-2017.html]
[www.fai.gov/sites/default/files/2016-12-14-FAI-Newsletter-Winter-2016.pdf]
[www.fai.gov/sites/default/files/2016-9-28-FAI-Newsletter-Fall-2016.pdf]
[www.fai.gov/sites/default/files/2016-6-30-FAI-Newsletter-Summer-2016.pdf]
[www.fai.gov/sites/default/files/2016-4-3-FAI-Newsletter-Spring-2016.pdf]
[www.fai.gov/resources/acquisition-today-2016.html]
[www.fai.gov/sites/default/files/embeddedimg/award.jpg]
[www.fai.gov/about/awards-recognition-2018.html]
[www.fai.gov/about/awards-recognition-2017.html]
[www.fai.gov/about/awards-recognition-2016.html]
[www.fai.gov/about/awards-recognition-2015.html]
[www.fai.gov/about/awards-recognition-2014.html]
[www.fai.gov/about/awards-recognition-2013.html]
[www.fai.gov/about/awards-recognition-2010.html]
[www.fai.gov/about/awards-recognition-2009.html]
[www.fai.gov/sites/default/files/FAI_PIL-Primer_Master-Video-Transcript_Final.pdf]
[www.fai.gov/media-library/item/procurement-innovation-lab-pil-primer.html]
[www.fai.gov/sites/default/files/inline-images/2022 AE Individual Award.jpg]
[www.fai.gov/sites/default/files/inline-images/2022 AE Team Award_0.jpg]
[www.fai.gov/sites/default/files/inline-images/2022 PM Excellence Award.jpg]
[www.fai.gov/sites/default/files/inline-images/Gladys Bailey.jpg]
[www.fai.gov/resources/acquisition-excellence-2022-awards.html]
[www.fai.gov/sites/default/files/css/css_cXtUn9ws3kv8IdsuFSAw8g6hHuiO2orxlNikS7LdCMM.css]
[cdn.jsdelivr.net/gh/NigelOToole/progress-tracker@v2.0.7/src/styles/progress-tracker.css]
[www.fai.gov/sites/default/files/css/css_6vonj-0484Ogt5wDuL_XPKJa_0bUXudW7hpsO3FR8Ns.css]
[www.fai.gov/node/16773.html]
[www.fai.gov/node/16725.html]
[www.fai.gov/node/16724.html]
[www.fai.gov/node/11783.html]
[www.fai.gov/sites/default/files/FY2022_OFPP_Acquisition Flash_22-01f381.pdf]
[www.fai.gov/node/11815.html]
[www.fai.gov/news/new-course-fac-094-improving-transparency-federal-marketplace-digital-nonavailability.html]
[www.fai.gov/news/two-updated-courses-fac-063-buy-american-statute-and-fac-057-cor-refresher.html]
[www.fai.gov/news/fai-announces-fac-093-introduction-supply-chain-risk-management.html]
[www.fai.gov/sites/default/files/2022-02/whiteboard-course-stock_0.png]
[www.fai.gov/news2679.html]
[www.fai.gov/themes/custom/uswds_base_fai/img/usa-icons/check-orange.svg]
[www.fai.gov/themes/custom/uswds_base_fai/img/usa-icons/education-orange.svg]
[www.fai.gov/themes/custom/uswds_base_fai/img/usa-icons/course-orange.svg]
[www.fai.gov/themes/custom/fai_theme/img/usa-icons/check-orange.html]
[www.fai.gov/themes/custom/fai_theme/img/usa-icons/course-orange.html]
[www.fai.gov/certification/legacy-fac-cor-recommended-training-courses.html]
[www.fai.gov/training/find-and-register-for-courses4e03.html]
[www.fai.gov/training/find-and-register-for-coursesd36b.html]
[www.fai.gov/training/find-and-register-for-courses2a41.html]
[www.fai.gov/media-library/item/role-contracting-officers-representative-cor.html]
[www.fai.gov/sites/default/files/FAC_022-Combating_Trafficking_in_Persons/html5/data/css/output.min.css]
[www.googletagmanager.com/gtm5445.html]
[www.fai.gov/sites/default/files/FAC096_EquityProcurementVideos_Web_HTML/html5/data/css/output.min.css]
[www.fai.gov/sites/default/files/FAC095_ClimateAdaptation_WebPublish/html5/data/css/output.min.css]
[www.fai.gov/sites/default/files/FAC097_Navigating_BA_TA_FY23_WebPublish/html5/data/css/output.min.css]
[www.fai.gov/sites/default/files/FAC098_ContractInnovationExploration/html5/data/css/output.min.css]
[www.fai.gov/sites/default/files/FAC065_Customers_Role_WebPublish/html5/data/css/output.min.css]
[www.fai.gov/media-library/collection/acquisition-seminars-2017.html]
[www.fai.gov/tools/contracting-professionals-smart-guideb512.html]
[www.fai.gov/training/acquisition-training-providersa8b4.html]
[www.fai.gov/federal-acquisition-certification-fac-continuous-learning-cl.html]
[www.fai.gov/sites/default/files/css/css_yRHRz2w1xVXimETuO1Wi3fhWszp6JT-ZY5M8xt2CE_I.css]
[www.fai.gov/sites/default/files/css/css_n0Nh3rAt2fNH9eURcVlFqRa9sp_lYwzCzlr15dO-ZbE.css]
[www.fai.gov/media-library/collection/knowledge-nugget.html]
[www.fai.gov/sites/default/files/BA_TAA_DecisionTool_ClauseProvisionSelection/html5/data/css/output.min.css]
[www.fai.gov/sites/default/files/BA_TAA_DecisionTool_EvalForeignOffers/html5/data/css/output.min.css]
[www.fai.gov/drupal/sites/default/files/2017-3-29-FAI-Newsletter-Spring.html]
[www.fai.gov/drupal/sites/default/files/2015-8-20-FGDLA-small.html]
[www.fai.gov/drupal/sites/default/files/2014-8-29-HCMG-Award.html]
[www.fai.gov/drupal/sites/default/files/2013-Omni-508-Award.html]
[www.fai.gov/drupal/sites/default/files/2013-Horizon-Award.html]
[www.fai.gov/drupal/sites/default/files/2014-8-29-Omni-Intermedia-Award.html]
[www.fai.gov/drupal/sites/default/files/2010-Horizon-Award.html]
[www.fai.gov/drupal/sites/default/files/2009-Omni-Award.html]
[www.fai.gov/sites/default/files/Michelle.png]
[www.fai.gov/sites/default/files/Kelly Rubio.jpg]
[www.fai.gov/resources/acquisition-excellence-2021-awards.html]
[www.fai.gov/sites/default/files/Hilary_Cole.jpg]
[www.fai.gov/sites/default/files/internet_isolation_team.png]
[www.fai.gov/sites/default/files/DISA_team_members.png]
[www.fai.gov/sites/default/files/LTC_Wagner.jpg]
[www.fai.gov/sites/default/files/LTC_Wagner_Team.png]
[www.fai.gov/sites/default/files/Sarah_Clore.jpg]
[www.fai.gov/sites/default/files/William_Walters.jpg]
[www.fai.gov/resources/acquisition-excellence-2020-awards.html]
[www.fai.gov/sites/default/files/Susan_Raymie.jpg]
[www.fai.gov/sites/default/files/CDR_Pitel_and_Team.jpg]
[www.fai.gov/sites/default/files/Wayne_Vickers.jpg]
[www.fai.gov/sites/default/files/Matthew_Waskiewicz.jpg]
[www.fai.gov/resources/acquisition-excellence-2019-awards.html]
[www.fai.gov/sites/default/files/CAO-Council-Award_Lesley-Field_John-Cavadias_Thomas-OLinn_1.jpg]
[www.fai.gov/sites/default/files/CAO-Council-Award_Lesley-Field_Nathan-Briggs_Thomas-OLinn_5.jpg]
[www.fai.gov/sites/default/files/CAO-Council-Award_Lesley-Field_LTC-Jeffrey-LaFleur_Thomas-OLinn_3.jpg]
[www.fai.gov/sites/default/files/CAO-Council-Award_Lesley-Field_Ryan-Byrd_Kimberly-Guest_Thomas-OLinn_2.jpg]
[www.fai.gov/resources/acquisition-excellence-2018-awards.html]
[www.fai.gov/sites/default/files/ACT-IAC_June2017_0416_DISA_Small-Business.jpg]
[www.fai.gov/sites/default/files/ACT-IAC_June2017_0404_Douglas-Veatch.jpg]
[www.fai.gov/sites/default/files/ACT-IAC_June2017_0410_AFICA.jpg]
[www.fai.gov/resources/acquisition-excellence-2017-awards.html]
[www.fai.gov/sites/default/files/AE-2016-Team.jpg]
[www.fai.gov/sites/default/files/AE-2016-Ind.jpg]
[www.fai.gov/sites/default/files/AE-2016-SB.jpg]
[www.fai.gov/resources/acquisition-excellence-2016-awards.html]
[www.fai.gov/media-library/item/rpa-video.html]
[www.fai.gov/node/11843.html]
[www.fai.gov/news/adobe-flash-issues-impacting-five-5-online-training-olt-courses.html]
[www.fai.gov/news/extensions-federal-acquisition-certifications-fac-and-continuous-learning-cl.html]
[www.fai.gov/news02e4.html]
[www.fai.gov/themes/custom/uswds_base_fai/img/FAC_CL_flag.html]
[www.fai.gov/sites/default/files/css/css_Yd9nKdta2rzUSNi3HWUCMMWqGT0ZP45PkQIZiHkCBsM.css]
[www.fai.gov/media-library/topic/acquisition-seminars.html]
[www.fai.gov/sites/default/files/media-library/resource/2017-1-25_QandA_for_Can_We_Talk_AS.pdf]
[www.fai.gov/media-library/item/can-we-talk-information-disclosure.html]
[www.fai.gov/media-library/item/learning-development-across-generations.html]
[www.fai.gov/media-library/item/category-management-acquisition-seminar.html]
[www.fai.gov/media-library/item/lean-acquisition.html]
[www.fai.gov/media-library/item/what-pm.html]
[www.fai.gov/media-library/item/category-management.html]
[www.fai.gov/media-library/item/prohibition-requesting-certified-cost-or-pricing-data-commercial-item.html]
[www.fai.gov/media-library/item/best-value-continuum-0.html]
[www.fai.gov/media-library/item/innovation-and-far-guiding-principles.html]
[www.fai.gov/media-library/item/contract-types.html]
[www.fai.gov/media-library/collection/acquisition-seminars-2011.html]
[www.fai.gov/media-library/collection/acquisition-seminars-2012.html]
[www.fai.gov/media-library/collection/acquisition-seminars-2013.html]
[www.fai.gov/media-library/collection/acquisition-seminars-2014.html]
[www.fai.gov/media-library/collection/acquisition-seminars-2015.html]
[www.fai.gov/media-library/collection/acquisition-seminars-2016.html]
[www.fai.gov/media-library/collection/can-we-talk.html]
[www.fai.gov/media-library/item/effective-vendor-engagement.html]
[www.fai.gov/sites/default/files/media-library/resource/ARRT_image.jpg]
[www.fai.gov/media-library/item/arrt-tool-demo-improving-tradecraft-services-acquisition.html]
[www.fai.gov/sites/default/files/2013-2-27-Suspension-Debarment-Acquisition-Seminar-Video-Transcript.pdf]
[www.fai.gov/sites/default/files/2013-2-27-Suspension-Debarment-Acquisition-Seminar-PPT-Slides.pdf]
[www.fai.gov/sites/default/files/2016-4-13-Best-Practices-for-Meeting-with-an-SDO.pdf]
[www.fai.gov/sites/default/files/media-library/resource/Sus_Deb_image.jpg]
[www.fai.gov/media-library/item/suspension-debarment-fundamentals.html]
[www.fai.gov/sites/default/files/media-library/resource/Easy_Being_Green-AS.jpg]
[www.fai.gov/media-library/item/it-easy-being-green.html]
[www.fai.gov/sites/default/files/media-library/resource/Presentation_Slides-Bob_Namejko.ppt]
[www.fai.gov/sites/default/files/media-library/resource/Dodging_Fiscal_Sharks_AS.jpg]
[www.fai.gov/sites/default/files/media-library/resource/Presentation_Slides-Bryon_Young.pptx]
[www.fai.gov/sites/default/files/media-library/resource/Presentation_Slides-Charles_Yook.pptx]
[www.fai.gov/sites/default/files/media-library/resource/Presentation_Slides-Sharon_Fernandez.pptx]
[www.fai.gov/sites/default/files/media-library/resource/Additional_Viewer_Submitted_Questions_and_Answers.docx]
[www.fai.gov/sites/default/files/media-library/resource/DoD_Guidance_Roadmap.pdf]
[www.fai.gov/sites/default/files/media-library/resource/BBP_2.0_Fact_Sheet.pdf]
[www.fai.gov/media-library/item/dodging-fiscal-sharks.html]
[www.fai.gov/sites/default/files/media-library/resource/2014-02-05-ALS-Graphic-Slider-Vendor-Engagement-and-Negotiation.jpg]
[www.fai.gov/sites/default/files/media-library/resource/Presentation_Slides.pptx]
[www.fai.gov/media-library/item/vendor-engagement-and-negotiation.html]
[www.fai.gov/sites/default/files/media-library/resource/Presentation_Slides_3.pptx]
[www.fai.gov/sites/default/files/media-library/resource/Question_and_Answer_Session_Slides.pptx]
[www.fai.gov/sites/default/files/media-library/resource/Additional_Viewer_Submitted_Questions_and_Answers_1.pdf]
[www.fai.gov/media-library/item/bid-or-not-bid-can-we-talk.html]
[www.fai.gov/sites/default/files/media-library/resource/ALS_evaluations-070714.jpg]
[www.fai.gov/media-library/item/strategies-successfully-prevent-and-defend-bid-protests.html]
[www.fai.gov/media-library/item/past-performance.html]
[www.fai.gov/sites/default/files/media-library/resource/Customer-Engagement-AS.jpg]
[www.fai.gov/sites/default/files/media-library/resource/Presentation_Slides_1.pptx]
[www.fai.gov/media-library/item/customer-engagement.html]
[www.fai.gov/sites/default/files/media-library/resource/2015-11-5_AS_GSA_Awards.jpg]
[www.fai.gov/sites/default/files/media-library/resource/Additional_Viewer_Submitted_Questions_and_Answers_2.pdf]
[www.fai.gov/media-library/item/gsa-multiple-award-schedules-program-complete-solution.html]
[www.fai.gov/sites/default/files/media-library/resource/Presentation_Slides_2.pptx]
[www.fai.gov/sites/default/files/media-library/resource/Additional_Viewer_Submitted_Questions_and_Answers_0.pdf]
[www.fai.gov/sites/default/files/media-library/resource/Debriefings_AS.jpg]
[www.fai.gov/sites/default/files/media-library/resource/Participant_Packages_for_Scenarios.zip]
[www.fai.gov/media-library/item/lifting-curtain-debriefings.html]
[www.fai.gov/sites/default/files/media-library/resource/AbilityOne-AS.jpg]
[www.fai.gov/sites/default/files/media-library/resource/Additional Viewer Submitted Questions and Answers_1.pdf]
[www.fai.gov/sites/default/files/media-library/resource/Presentation Slides_3.pptx]
[www.fai.gov/media-library/item/abilityone.html]
[www.fai.gov/sites/default/files/media-library/resource/Agile-AS.jpg]
[www.fai.gov/sites/default/files/media-library/resource/Presentation Slides_2.pptx]
[www.fai.gov/sites/default/files/media-library/resource/Additional Viewer Submitted Questions and Answers_0.pdf]
[www.fai.gov/sites/default/files/media-library/resource/Example BPA Task Order and SOO.pdf]
[www.fai.gov/sites/default/files/media-library/resource/Agile BPA Template.pdf]
[www.fai.gov/media-library/item/agile-acquisitions-101.html]
[www.fai.gov/sites/default/files/media-library/resource/2015-1-23-EEO-Acq-Sem-o1.jpg]
[www.fai.gov/sites/default/files/media-library/resource/Presentation Slides_1.pptx]
[www.fai.gov/media-library/item/equal-employment-opportunity-responsibilities-procurement.html]
[www.fai.gov/sites/default/files/media-library/resource/FSSI_OS3_Acquisition_Seminar_Presentation_0.pptx]
[www.fai.gov/sites/default/files/media-library/resource/FSSI_OS3_Acquisition_Seminar_Additional_Question_Answer_Responses.pdf]
[www.fai.gov/sites/default/files/media-library/resource/FSSI_OS3_Acquisition_Seminar_FAQs_0.pdf]
[www.fai.gov/sites/default/files/media-library/resource/FSSI_OS3_Acquisition_Seminar_Buying_Guide_0.pdf]
[www.fai.gov/sites/default/files/media-library/resource/FSSI_OS3_Acquisition_Seminar_Step-by-Step_GSA_Advantage_Guide_0.pdf]
[www.fai.gov/media-library/item/fssi-os3.html]
[www.fai.gov/media-library/item/category-management-and-acquisition-gateway-future-federal-acquisitions.html]
[www.fai.gov/sites/default/files/media-library/resource/Sus-Deb-AS_1.jpg]
[www.fai.gov/sites/default/files/media-library/resource/Chapter-01-Video-Transcript_0.pdf]
[www.fai.gov/sites/default/files/media-library/resource/Chapter-02-Video-Transcript_0.pdf]
[www.fai.gov/sites/default/files/media-library/resource/Chapter-02-Duc-Nguyen-Bio_0.pdf]
[www.fai.gov/sites/default/files/media-library/resource/Chapter-03-Video-Transcript_0.pdf]
[www.fai.gov/sites/default/files/media-library/resource/Chapter-03-Denise-Roberson-Bio_0.pdf]
[www.fai.gov/sites/default/files/media-library/resource/Chapter-04-Video-Transcript.pdf]
[www.fai.gov/sites/default/files/media-library/resource/Chapter-04-Monica-Acquino-Bio.pdf]
[www.fai.gov/sites/default/files/media-library/resource/Chapter-05-Video-Transcript.pdf]
[www.fai.gov/sites/default/files/media-library/resource/Chapter-05-Catherine-Kessmeier-Bio.pdf]
[www.fai.gov/media-library/item/bite-sized-videos-hot-questions-suspension-debarment.html]
[www.fai.gov/sites/default/files/media-library/resource/2016-1-25-10_techniques_AS_REVISE.jpg]
[www.fai.gov/sites/default/files/media-library/resource/Ten_Techniques_3-2-16_AS_Transcript_0.pdf]
[www.fai.gov/sites/default/files/media-library/resource/List_of_the_Ten_Tangible_Techniques_0.pdf]
[www.fai.gov/sites/default/files/media-library/resource/QandA_for_Ten_Tips_Acquisition_Seminar.pdf]
[www.fai.gov/media-library/item/ten-tangible-techniques-trim-time.html]
[www.fai.gov/sites/default/files/media-library/resource/Checklist-for-a-Successful-Industry-Day-Conference_0.pdf]
[www.fai.gov/sites/default/files/media-library/resource/QandA-for-Industry-Day-Conferences-Acquisition-Seminar_NEW.pdf]
[www.fai.gov/media-library/item/lifting-curtain-industry-day-conferences.html]
[www.fai.gov/media-library/collection/contractors-perspective.html]
[www.fai.gov/content/transcript-arrt-tool-demonstration.html]
[www.fai.gov/training/arrt-resources.html]
[www.fai.gov/media-library/collection/suspension-and-debarment.html]
[www.fai.gov/media_library/items/show/117.html]
[www.fai.gov/content/transcript-it-easy-being-green.html]
[www.fai.gov/sites/default/files/Green/071713-ItISEasyBeingGreen-BuyingBioBasedProducts-KateLewis.pdf]
[www.fai.gov/sites/default/files/Green/071713-ItISEasyBeingGreen-Green_Purchasing-BrennanConway.pdf]
[www.fai.gov/sites/default/files/Green/071713-ItISEasyBeingGreen-EPEATandEPP-HollyElwood.pdf]
[www.fai.gov/training/easy-being-green-resources.html]
[www.fai.gov/content/transcript-dodging-fiscal-sharks.html]
[www.fai.gov/content/transcript-vendor-engagement-negotiation.html]
[www.fai.gov/content/transcript-bid-or-not-bid.html]
[www.fai.gov/content/transcript-bid-protests.html]
[www.fai.gov/media-library/collection/past-performance.html]
[www.fai.gov/sites/default/files/2014-6-18-DHS-FAI-Past-Performance-PowerPoint-Presentation.pptx]
[www.fai.gov/sites/default/files/2014-6-18-CPARS-&-PPIRS.pptx]
[www.fai.gov/sites/default/files/2014-6-18-OFPP-Panel-Past-Perf-NASA.pptx]
[www.fai.gov/sites/default/files/2014-6-18-Acquisition-Learning-Seminar-PPI-ICooper.pptx]
[www.fai.gov/sites/default/files/2014-6-18-DoED-Contribution.pptx]
[www.fai.gov/sites/default/files/2014-6-18-JWise-OFPP-PPI-ALS-Slides.pptx]
[www.fai.gov/sites/default/files/2014-6-18-EPA-FAI-Past-Performance-PowerPoint-Presentation.pptx]
[www.fai.gov/sites/default/files/2014-6-18-CPARS-Department-of-Energy.pdf]
[www.fai.gov/training/acquisition-learning-seminar-past-performance-resources.html]
[www.fai.gov/content/transcript-past-performance.html]
[www.fai.gov/content/transcript-customer-engagement.html]
[www.fai.gov/content/transcript-gsa-mas.html]
[www.fai.gov/content/transcript-debriefings.html]
[www.fai.gov/content/transcript-abilityone.html]
[www.fai.gov/content/transcript-agile-acquisitions-101.html]
[www.fai.gov/content/transcript-eeo-responsibilities-procurement.html]
[www.fai.gov/media-library/collection/strategic-sourcing.html]
[www.fai.gov/content/transcript-fssi-os3.html]
[www.fai.gov/media-library/item/document-suspension-and-debarment-and-building-administrative-record.html]
[www.fai.gov/media-library/item/understanding-basic-mechanics-successful-suspension-and-debarment-program.html]
[www.fai.gov/media-library/item/suspension-and-debarment-building-robust-program.html]
[www.fai.gov/media-library/item/suspension-and-debarment.html]
[www.fai.gov/media-library/item/lifting-curtain-past-performance.html]
[www.fai.gov/media-library/item/fapiis-trailer.html]
